// Jest Snapshot v1, https://goo.gl/fbAQLP

exports[`Component: SnakeHead renders correctly 1`] = `
<Shape
  sceneFunc={[Function]}
  x={200}
  y={200}
/>
`;
